a/
a-admin/
aadmin/
acc/
account/
account.php
accounts/
a-control/
acontrol/
a-controlpanel/
acontrolpanel/
a-cp/
acp/
add.php
_adm_/
_adm/
adm/
_admin_/
_admin/
!admin/
admin!/
admin/
Admin/
ADMIN/
admin1/
admin2/
admin3/
admin4/
admin5/
admin6/
admin7/
admin8/
admin9/
admin_area/
adminarea/
adminbpbd/
admincms/
admincontrol/
admincontrolpanel/
admin-cp/
admincp/
admincpanel/
admindesa/
admindinas/
admindinsos/
admindishub/
admindisnak/
admindisnaker/
admindisnakertrans/
adminer/
adminis/
administ/
administration/
_administrator/
administrator/
administrators/
adminj/
adminjdih/
adminkab/
adminkabupaten/
adminkec/
adminkecamatan/
adminkejari/
adminken/
adminkota/
adminkpad/
adminkpu/
adminkpud/
admin-login/
adminlogin/
adminlogin.php
adminlogins/
admin_panel/
adminpanel/
adminperpus/
adminperpustakaan/
admin.php
adminpmb/
adminppid/
admins/
adminsite/
adminsites/
admintrans/
_adminweb/
adminweb/
adminwebdesa/
adminwebdinas/
adminwebdinsos/
adminwebdishub/
adminwebdisnak/
adminwebdisnaker/
adminwebdisnakertrans/
adminwebj/
adminwebjdih/
adminwebkab/
adminwebkabupaten/
adminwebkec/
adminwebkecamatan/
adminwebkejari/
adminwebken/
adminwebkota/
adminwebkpad/
adminwebkpu/
adminwebkpud/
adminwebperpus/
adminwebperpustakaan/
adminwebppid/
adminwebs/
adminwebsite/
adminwebtrans/
affiliate/
agen/
agent/
agentweb/
agenweb/
ajaxadmin/
ajaxlogin/
akun/
a-login/
alogin/
a-panel/
apanel/
auth/
authadmin/
authcontrol/
authcp/
authlogin/
author/
authoradmin/
authorpanel/
authorweb/
authpanel/
auths/
authweb/
a-web/
aweb/
b/
back_end/
back-end/
backend/
b-admin/
badmin/
base/
baseadmin/
basesys/
baseweb/
b-control/
bcontrol/
b-controlpanel/
bcontrolpanel/
b-cp/
bcp/
b-login/
blogin/
b-panel/
bpanel/
bpbd/
bpbd_admin/
bpbd-admin/
bpbdadmin/
bpbd_control/
bpbd-control/
bpbdcontrol/
bpbd_controlpanel/
bpbd-controlpanel/
bpbdcontrolpanel/
bpbd_cp/
bpbd-cp/
bpbdcp/
bpbd_login/
bpbd-login/
bpbdlogin/
bpbd_panel/
bpbd-panel/
bpbdpanel/
bpbd_web/
bpbd-web/
bpbdweb/
b-web/
bweb/
c/
c-admin/
cadmin/
c-control/
ccontrol/
c-controlpanel/
ccontrolpanel/
c-cp/
ccp/
c-login/
clogin/
control/
controler/
controller/
control-panel/
controlpanel/
controlpaneladmin/
controlpanellogin/
controlpanelogin/
controlpanelweb/
controls/
controlweb/
cp/
cp-admin/
cpadmin/
c-panel/
cpanel/
cpc/
cp-login/
cplogin/
cpweb/
cpwebsite/
c-web/
cweb/
d/
d-admin/
dadmin/
data/
data_admin/
data-admin/
dataadmin/
data_control/
data-control/
datacontrol/
data_controlpanel/
data-controlpanel/
datacontrolpanel/
data_cp/
data-cp/
datacp/
datadmi/
data_login/
data-login/
datalogin/
data_panel/
data-panel/
datapanel/
data_web/
data-web/
dataweb/
db/
dbadmin/
dbpanel/
dbsys/
dbweb/
d-control/
dcontrol/
d-controlpanel/
dcontrolpanel/
d-cp/
dcp/
desa/
desaadm/
desa_admin/
desa-admin/
desaadmin/
desa_control/
desa-control/
desacontrol/
desa_controlpanel/
desa-controlpanel/
desacontrolpanel/
desa_cp/
desa-cp/
desacp/
desa_login/
desa-login/
desalogin/
desa_panel/
desa-panel/
desapanel/
desa_web/
desa-web/
desaweb/
dev/
devadmin/
develop/
developer/
devlogin/
dinas/
dinasadm/
dinas_admin/
dinas-admin/
dinasadmin/
dinas_control/
dinas-control/
dinascontrol/
dinas_controlpanel/
dinas-controlpanel/
dinascontrolpanel/
dinas_cp/
dinas-cp/
dinascp/
dinas_login/
dinas-login/
dinaslogin/
dinas_panel/
dinas-panel/
dinaspanel/
dinas_web/
dinas-web/
dinasweb/
dinkes/
dinkesadm/
dinkes_admin/
dinkes-admin/
dinkesadmin/
dinkes_control/
dinkes-control/
dinkescontrol/
dinkes_controlpanel/
dinkes-controlpanel/
dinkescontrolpanel/
dinkes_cp/
dinkes-cp/
dinkescp/
dinkes_login/
dinkes-login/
dinkeslogin/
dinkes_panel/
dinkes-panel/
dinkespanel/
dinkes_web/
dinkes-web/
dinkesweb/
dinsos/
dinsosadm/
dinsos_admin/
dinsos-admin/
dinsosadmin/
dinsos_control/
dinsos-control/
dinsoscontrol/
dinsos_controlpanel/
dinsos-controlpanel/
dinsoscontrolpanel/
dinsos_cp/
dinsos-cp/
dinsoscp/
dinsos_login/
dinsos-login/
dinsoslogin/
dinsos_panel/
dinsos-panel/
dinsospanel/
dinsos_web/
dinsos-web/
dinsosweb/
dishub/
dishubadm/
dishub_admin/
dishub-admin/
dishubadmin/
dishub_control/
dishub-control/
dishubcontrol/
dishub_controlpanel/
dishub-controlpanel/
dishubcontrolpanel/
dishub_cp/
dishub-cp/
dishubcp/
dishub_login/
dishub-login/
dishublogin/
dishub_panel/
dishub-panel/
dishubpanel/
dishub_web/
dishub-web/
dishubweb/
disnak/
disnakadm/
disnak_admin/
disnak-admin/
disnakadmin/
disnak_control/
disnak-control/
disnakcontrol/
disnak_controlpanel/
disnak-controlpanel/
disnakcontrolpanel/
disnak_cp/
disnak-cp/
disnakcp/
disnaker/
disnakeradm/
disnaker_admin/
disnaker-admin/
disnakeradmin/
disnaker_control/
disnaker-control/
disnakercontrol/
disnaker_controlpanel/
disnaker-controlpanel/
disnakercontrolpanel/
disnaker_cp/
disnaker-cp/
disnakercp/
disnaker_login/
disnaker-login/
disnakerlogin/
disnaker_panel/
disnaker-panel/
disnakerpanel/
disnakertrans/
disnakertransadm/
disnakertrans_admin/
disnakertrans-admin/
disnakertransadmin/
disnakertrans_control/
disnakertrans-control/
disnakertranscontrol/
disnakertrans_controlpanel/
disnakertrans-controlpanel/
disnakertranscontrolpanel/
disnakertrans_cp/
disnakertrans-cp/
disnakertranscp/
disnakertrans_login/
disnakertrans-login/
disnakertranslogin/
disnakertrans_panel/
disnakertrans-panel/
disnakertranspanel/
disnakertrans_web/
disnakertrans-web/
disnakertransweb/
disnaker_web/
disnaker-web/
disnakerweb/
disnak_login/
disnak-login/
disnaklogin/
disnak_panel/
disnak-panel/
disnakpanel/
disnak_web/
disnak-web/
disnakweb/
dkp/
dkpadm/
dkp_admin/
dkp-admin/
dkpadmin/
dkp_control/
dkp-control/
dkpcontrol/
dkp_controlpanel/
dkp-controlpanel/
dkpcontrolpanel/
dkp_cp/
dkp-cp/
dkpcp/
dkp_login/
dkp-login/
dkplogin/
dkpp/
dkpp_admin/
dkpp-admin/
dkppadmin/
dkp_panel/
dkp-panel/
dkppanel/
dkpp_control/
dkpp-control/
dkppcontrol/
dkpp_controlpanel/
dkpp-controlpanel/
dkppcontrolpanel/
dkpp_cp/
dkpp-cp/
dkppcp/
dkpp_login/
dkpp-login/
dkpplogin/
dkpp_panel/
dkpp-panel/
dkpppanel/
dkpp_web/
dkpp-web/
dkppweb/
dkp_web/
dkp-web/
dkpweb/
d-login/
dlogin/
download.php
d-panel/
dpanel/
d-web/
dweb/
e/
e-admin/
eadmin/
e-control/
econtrol/
e-controlpanel/
econtrolpanel/
e-cp/
ecp/
e-login/
elogin/
emonitor/
emonitoring/
e-panel/
epanel/
e-web/
eweb/
f/
f-admin/
fadmin/
f-control/
fcontrol/
f-controlpanel/
fcontrolpanel/
f-cp/
fcp/
file.php
files.php
f-login/
flogin/
f-panel/
fpanel/
front_end/
front-end/
frontend/
f-web/
fweb/
g/
g-admin/
gadmin/
g-control/
gcontrol/
g-controlpanel/
gcontrolpanel/
g-cp/
gcp/
g-login/
glogin/
g-panel/
gpanel/
g-web/
gweb/
h/
h-admin/
hadmin/
hansip/
h-control/
hcontrol/
h-controlpanel/
hcontrolpanel/
h-cp/
hcp/
h-login/
hlogin/
h-panel/
hpanel/
humas/
humas123/
humasadm/
humasadmin/
humaslogin/
humaspanel/
humasweb/
h-web/
hweb/
i/
i-admin/
iadmin/
i-control/
icontrol/
i-controlpanel/
icontrolpanel/
i-cp/
icp/
identifi/
identification/
identify/
identy/
i-login/
ilogin/
i-panel/
ipanel/
i-web/
iweb/
j/
jadm/
j_admin/
j-admin/
jadmin/
j_control/
j-control/
jcontrol/
j_controlpanel/
j-controlpanel/
jcontrolpanel/
j_cp/
j-cp/
jcp/
jdih/
jdihadm/
jdih_admin/
jdih-admin/
jdihadmin/
jdih_control/
jdih-control/
jdihcontrol/
jdih_controlpanel/
jdih-controlpanel/
jdihcontrolpanel/
jdih_cp/
jdih-cp/
jdihcp/
jdih_login/
jdih-login/
jdihlogin/
jdih_panel/
jdih-panel/
jdihpanel/
jdih_web/
jdih-web/
jdihweb/
j_login/
j-login/
jlogin/
j_panel/
j-panel/
jpanel/
j_web/
j-web/
jweb/
k/
kab/
kabadm/
kab_admin/
kab-admin/
kabadmin/
kab_control/
kab-control/
kabcontrol/
kab_controlpanel/
kab-controlpanel/
kabcontrolpanel/
kab_cp/
kab-cp/
kabcp/
kab_login/
kab-login/
kablogin/
kab_panel/
kab-panel/
kabpanel/
kabupaten/
kabupatenadm/
kabupaten_admin/
kabupaten-admin/
kabupatenadmin/
kabupaten_control/
kabupaten-control/
kabupatencontrol/
kabupaten_controlpanel/
kabupaten-controlpanel/
kabupatencontrolpanel/
kabupaten_cp/
kabupaten-cp/
kabupatencp/
kabupaten_login/
kabupaten-login/
kabupatenlogin/
kabupaten_panel/
kabupaten-panel/
kabupatenpanel/
kabupaten_web/
kabupaten-web/
kabupatenweb/
kab_web/
kab-web/
kabweb/
k-admin/
kadmin/
k-control/
kcontrol/
k-controlpanel/
kcontrolpanel/
k-cp/
kcp/
kec/
kecadm/
kec_admin/
kec-admin/
kecadmin/
kecamatan/
kecamatanadm/
kecamatan_admin/
kecamatan-admin/
kecamatanadmin/
kecamatan_control/
kecamatan-control/
kecamatancontrol/
kecamatan_controlpanel/
kecamatan-controlpanel/
kecamatancontrolpanel/
kecamatan_cp/
kecamatan-cp/
kecamatancp/
kecamatan_login/
kecamatan-login/
kecamatanlogin/
kecamatan_panel/
kecamatan-panel/
kecamatanpanel/
kecamatan_web/
kecamatan-web/
kecamatanweb/
kec_control/
kec-control/
keccontrol/
kec_controlpanel/
kec-controlpanel/
keccontrolpanel/
kec_cp/
kec-cp/
keccp/
kec_login/
kec-login/
keclogin/
kec_panel/
kec-panel/
kecpanel/
kec_web/
kec-web/
kecweb/
kejari/
kejariadm/
kejari_admin/
kejari-admin/
kejariadmin/
kejari_control/
kejari-control/
kejaricontrol/
kejari_controlpanel/
kejari-controlpanel/
kejaricontrolpanel/
kejari_cp/
kejari-cp/
kejaricp/
kejari_login/
kejari-login/
kejarilogin/
kejari_panel/
kejari-panel/
kejaripanel/
kejari_web/
kejari-web/
kejariweb/
ken/
kenadm/
ken_admin/
ken-admin/
kenadmin/
ken_control/
ken-control/
kencontrol/
ken_controlpanel/
ken-controlpanel/
kencontrolpanel/
ken_cp/
ken-cp/
kencp/
ken_login/
ken-login/
kenlogin/
ken_panel/
ken-panel/
kenpanel/
ken_web/
ken-web/
kenweb/
ketua/
ketuaweb/
k-login/
klogin/
kota/
kotaadm/
kota_admin/
kota-admin/
kotaadmin/
kota_control/
kota-control/
kotacontrol/
kota_controlpanel/
kota-controlpanel/
kotacontrolpanel/
kota_cp/
kota-cp/
kotacp/
kota_login/
kota-login/
kotalogin/
kota_panel/
kota-panel/
kotapanel/
kota_web/
kota-web/
kotaweb/
kpad/
kpadadm/
kpad_admin/
kpad-admin/
kpadadmin/
kpad_control/
kpad-control/
kpadcontrol/
kpad_controlpanel/
kpad-controlpanel/
kpadcontrolpanel/
kpad_cp/
kpad-cp/
kpadcp/
kpad_login/
kpad-login/
kpadlogin/
kpad_panel/
kpad-panel/
kpadpanel/
kpad_web/
kpad-web/
kpadweb/
k-panel/
kpanel/
kpu/
kpu_admin/
kpu-admin/
kpuadmin/
kpu_control/
kpu-control/
kpucontrol/
kpu_controlpanel/
kpu-controlpanel/
kpucontrolpanel/
kpu_cp/
kpu-cp/
kpucp/
kpud/
kpud_admin/
kpud-admin/
kpudadmin/
kpud_control/
kpud-control/
kpudcontrol/
kpud_controlpanel/
kpud-controlpanel/
kpudcontrolpanel/
kpud_cp/
kpud-cp/
kpudcp/
kpud_login/
kpud-login/
kpudlogin/
kpud_panel/
kpud-panel/
kpudpanel/
kpud_web/
kpud-web/
kpudweb/
kpu_login/
kpu-login/
kpulogin/
kpu_panel/
kpu-panel/
kpupanel/
kpu_web/
kpu-web/
kpuweb/
k-web/
kweb/
l/
l-admin/
ladmin/
l-control/
lcontrol/
l-controlpanel/
lcontrolpanel/
l-cp/
lcp/
lib/
libadm/
lib_admin/
lib-admin/
libadmin/
lib_control/
lib-control/
libcontrol/
lib_controlpanel/
lib-controlpanel/
libcontrolpanel/
lib_cp/
lib-cp/
libcp/
lib_login/
lib-login/
liblogin/
lib_panel/
lib-panel/
libpanel/
lib_web/
lib-web/
libweb/
l-login/
llogin/
login/
loginadmin/
logindesa/
logindinas/
logindinsos/
logindisnak/
logindisnaker/
logindisnakertrans/
login.html
loginj/
loginjdih/
loginkab/
loginkabupaten/
loginkec/
loginkecamatan/
loginkejari/
loginken/
loginkota/
loginkpad/
loginkpu/
loginkpud/
loginpanel/
loginperpus/
loginperpustakaan/
login.php
loginppid/
logintrans/
loginweb/
logout/
l-panel/
lpanel/
l-web/
lweb/
m/
m-admin/
madmin/
master/
masterlogin/
masterpanel/
masterweb/
masuk/
m-control/
mcontrol/
m-controlpanel/
mcontrolpanel/
m-cp/
mcp/
m-login/
mlogin/
mod/
moderator/
mods/
monitor/
monitoradmin/
monitoring/
monitoringadmin/
monitoringuser/
monitoringweb/
monitoruser/
monitorweb/
m-panel/
mpanel/
m-web/
mweb/
myadmin/
mylogin/
mysql/
myuser/
n/
n-admin/
nadmin/
n-control/
ncontrol/
n-controlpanel/
ncontrolpanel/
n-cp/
ncp/
n-login/
nlogin/
n-panel/
npanel/
n-web/
nweb/
o/
o-admin/
oadmin/
o-control/
ocontrol/
o-controlpanel/
ocontrolpanel/
o-cp/
ocp/
olah/
olahadm/
olahadmin/
olahlogin/
olahweb/
o-login/
ologin/
o-panel/
opanel/
operator/
operatorweb/
o-web/
oweb/
p/
p-admin/
padmin/
panel/
paneladmin/
panellogin/
panelogin/
panelweb/
p-control/
pcontrol/
p-controlpanel/
pcontrolpanel/
p-cp/
pcp/
perpus/
perpusadm/
perpus_admin/
perpus-admin/
perpusadmin/
perpus_control/
perpus-control/
perpuscontrol/
perpus_controlpanel/
perpus-controlpanel/
perpuscontrolpanel/
perpus_cp/
perpus-cp/
perpuscp/
perpus_login/
perpus-login/
perpuslogin/
perpus_panel/
perpus-panel/
perpuspanel/
perpustakaan/
perpustakaanadm/
perpustakaan_admin/
perpustakaan-admin/
perpustakaanadmin/
perpustakaan_control/
perpustakaan-control/
perpustakaancontrol/
perpustakaan_controlpanel/
perpustakaan-controlpanel/
perpustakaancontrolpanel/
perpustakaan_cp/
perpustakaan-cp/
perpustakaancp/
perpustakaan_login/
perpustakaan-login/
perpustakaanlogin/
perpustakaan_panel/
perpustakaan-panel/
perpustakaanpanel/
perpustakaan_web/
perpustakaan-web/
perpustakaanweb/
perpus_web/
perpus-web/
perpusweb/
php/
phpadmin/
phplogin/
phpmyadmin/
phpweb/
p-login/
plogin/
pmbadmin/
pmbpanel/
po-admin/
poadmin/
polpp/
polpp_admin/
polpp-admin/
polppadmin/
polpp_control/
polpp-control/
polppcontrol/
polpp_controlpanel/
polpp-controlpanel/
polppcontrolpanel/
polpp_cp/
polpp-cp/
polppcp/
polpp_login/
polpp-login/
polpplogin/
polpp_panel/
polpp-panel/
polpppanel/
polpp_web/
polpp-web/
polppweb/
portal/
portaladmin/
portalweb/
p-panel/
ppanel/
ppid/
ppidadm/
ppid_admin/
ppid-admin/
ppidadmin/
ppid_control/
ppid-control/
ppidcontrol/
ppid_controlpanel/
ppid-controlpanel/
ppidcontrolpanel/
ppid_cp/
ppid-cp/
ppidcp/
ppid_login/
ppid-login/
ppidlogin/
ppid_panel/
ppid-panel/
ppidpanel/
ppid_web/
ppid-web/
ppidweb/
pusat/
pusat_admin/
pusat-admin/
pusatadmin/
pusat_control/
pusat-control/
pusatcontrol/
pusat_controlpanel/
pusat-controlpanel/
pusatcontrolpanel/
pusat_cp/
pusat-cp/
pusatcp/
pusat_login/
pusat-login/
pusatlogin/
pusat_panel/
pusat-panel/
pusatpanel/
pusat_web/
pusat-web/
pusatweb/
p-web/
pweb/
q/
q-admin/
qadmin/
q-control/
qcontrol/
q-controlpanel/
qcontrolpanel/
q-cp/
qcp/
q-login/
qlogin/
q-panel/
qpanel/
q-web/
qweb/
r/
r-admin/
radmin/
rahasia/
r-control/
rcontrol/
r-controlpanel/
rcontrolpanel/
r-cp/
rcp/
redaksi/
redaktur/
retel/
r-login/
rlogin/
robots.txt
robot.txt
root/
rootadm/
rootadmin/
rootweb/
r-panel/
rpanel/
r-web/
rweb/
s/
s-admin/
sadmin/
satgas/
satgas_admin/
satgas-admin/
satgasadmin/
satgas_control/
satgas-control/
satgascontrol/
satgas_controlpanel/
satgas-controlpanel/
satgascontrolpanel/
satgas_cp/
satgas-cp/
satgascp/
satgas_login/
satgas-login/
satgaslogin/
satgas_panel/
satgas-panel/
satgaspanel/
satgas_web/
satgas-web/
satgasweb/
satpolpp/
satpolpp_admin/
satpolpp-admin/
satpolppadmin/
satpolpp_control/
satpolpp-control/
satpolppcontrol/
satpolpp_controlpanel/
satpolpp-controlpanel/
satpolppcontrolpanel/
satpolpp_cp/
satpolpp-cp/
satpolppcp/
satpolpp_login/
satpolpp-login/
satpolpplogin/
satpolpp_panel/
satpolpp-panel/
satpolpppanel/
satpolpp_web/
satpolpp-web/
satpolppweb/
s-control/
scontrol/
s-controlpanel/
scontrolpanel/
s-cp/
scp/
serv/
server/
sika/
sikaadmin/
sikadmin/
sikalogin/
sikaweb/
sip/
sip_admin/
sip-admin/
sipadmin/
sip_control/
sip-control/
sipcontrol/
sip_controlpanel/
sip-controlpanel/
sipcontrolpanel/
sip_cp/
sip-cp/
sipcp/
sip_login/
sip-login/
siplogin/
sipp/
sipp_admin/
sipp-admin/
sippadmin/
sip_panel/
sip-panel/
sippanel/
sipp_control/
sipp-control/
sippcontrol/
sipp_controlpanel/
sipp-controlpanel/
sippcontrolpanel/
sipp_cp/
sipp-cp/
sippcp/
sipp_login/
sipp-login/
sipplogin/
sipp_panel/
sipp-panel/
sipppanel/
sipp_web/
sipp-web/
sippweb/
sip_web/
sip-web/
sipweb/
sistem/
s-login/
slogin/
s-panel/
spanel/
super/
superadm/
superadmin/
superlogin/
superuser/
superweb/
s-web/
sweb/
sys/
sysadmin/
syslogin/
syspanel/
system/
sysweb/
t/
t-admin/
tadmin/
tambah.php
t-control/
tcontrol/
t-controlpanel/
tcontrolpanel/
t-cp/
tcp/
teras/
terasadm/
terasadmin/
teraslogin/
terasweb/
t-login/
tlogin/
t-panel/
tpanel/
trans/
transadm/
trans_admin/
trans-admin/
transadmin/
trans_control/
trans-control/
transcontrol/
trans_controlpanel/
trans-controlpanel/
transcontrolpanel/
trans_cp/
trans-cp/
transcp/
trans_login/
trans-login/
translogin/
trans_panel/
trans-panel/
transpanel/
trans_web/
trans-web/
transweb/
t-web/
tweb/
u/
u-admin/
uadmin/
u-control/
ucontrol/
u-controlpanel/
ucontrolpanel/
u-cp/
ucp/
u-login/
ulogin/
u-panel/
upanel/
upload_files.php
upload.php
user/
usercp/
user_login/
userlogin/
users/
userslogin/
usersweb/
userweb/
usuario/
u-web/
uweb/
v/
v-admin/
vadmin/
v-control/
vcontrol/
v-controlpanel/
vcontrolpanel/
v-cp/
vcp/
viewlogin/
v-login/
vlogin/
v-panel/
vpanel/
v-web/
vweb/
w/
w-admin/
wadmin/
w-control/
wcontrol/
w-controlpanel/
wcontrolpanel/
w-cp/
wcp/
web_admin/
web-admin/
webadmin/
web_control/
web-control/
webcontrol/
webcontrolpanel/
webcp/
web_login/
web-login/
weblogin/
webmanager/
webmaster/
web-panel/
webpanel/
w-login/
wlogin/
wp-admin/
w-panel/
wpanel/
w-web/
wweb/
x/
x-admin/
xadmin/
x-control/
xcontrol/
x-controlpanel/
xcontrolpanel/
x-cp/
xcp/
x-login/
xlogin/
x-panel/
xpanel/
x-web/
xweb/
xxxadmin/
xxxlogin/
y/
y-admin/
yadmin/
y-control/
ycontrol/
y-controlpanel/
ycontrolpanel/
y-cp/
ycp/
y-login/
ylogin/
y-panel/
ypanel/
y-web/
yweb/
z/
z-admin/
zadmin/
z-control/
zcontrol/
z-controlpanel/
zcontrolpanel/
z-cp/
zcp/
z-login/
zlogin/
z-panel/
zpanel/
z-web/
zweb/
4dm1n/
4dm1n1str4t0r/
4dm1n1str4tor/
4dm1n1strator/
4dmin/
4dministrator/
